org.nuxeo.build:test-expand:pom:1.16-SNAPSHOT
 |-- org.nuxeo.build:nuxeo-distribution-tools:jar:1.16-SNAPSHOT:compile
 |--  |-- org.apache.maven:maven-project:jar:2.2.1:compile
 |--  |--  |-- org.apache.maven:maven-settings:jar:2.2.1:compile
 |--  |--  |--  |-- org.apache.maven:maven-model:jar:2.2.1:compile
 |--  |--  |--  |--  |-- org.codehaus.plexus:plexus-utils:jar:1.5.15:compile
 |--  |--  |--  |-- org.codehaus.plexus:plexus-interpolation:jar:1.11:compile
 |--  |--  |--  |-- org.codehaus.plexus:plexus-utils:jar:1.5.15:compile
 |--  |--  |--  |-- org.codehaus.plexus:plexus-container-default:jar:1.0-alpha-9-stable-1:compile
 |--  |--  |--  |--  |-- junit:junit:jar:3.8.1:compile
 |--  |--  |--  |--  |-- org.codehaus.plexus:plexus-utils:jar:1.5.15:compile
 |--  |--  |--  |--  |-- classworlds:classworlds:jar:1.1-alpha-2:compile
 |--  |--  |-- org.apache.maven:maven-profile:jar:2.2.1:compile
 |--  |--  |--  |-- org.apache.maven:maven-model:jar:2.2.1:compile
 |--  |--  |--  |-- org.codehaus.plexus:plexus-utils:jar:1.5.15:compile
 |--  |--  |--  |-- org.codehaus.plexus:plexus-interpolation:jar:1.11:compile
 |--  |--  |--  |-- org.codehaus.plexus:plexus-container-default:jar:1.0-alpha-9-stable-1:compile
 |--  |--  |-- org.apache.maven:maven-model:jar:2.2.1:compile
 |--  |--  |--  |-- org.codehaus.plexus:plexus-utils:jar:1.5.15:compile
 |--  |--  |-- org.apache.maven:maven-artifact-manager:jar:2.2.1:compile
 |--  |--  |--  |-- org.apache.maven:maven-repository-metadata:jar:2.2.1:compile
 |--  |--  |--  |--  |-- org.codehaus.plexus:plexus-utils:jar:1.5.15:compile
 |--  |--  |--  |-- org.codehaus.plexus:plexus-utils:jar:1.5.15:compile
 |--  |--  |--  |-- org.apache.maven:maven-artifact:jar:2.2.1:compile
 |--  |--  |--  |--  |-- org.codehaus.plexus:plexus-utils:jar:1.5.15:compile
 |--  |--  |--  |-- org.codehaus.plexus:plexus-container-default:jar:1.0-alpha-9-stable-1:compile
 |--  |--  |--  |-- org.apache.maven.wagon:wagon-provider-api:jar:1.0-beta-6:compile
 |--  |--  |--  |--  |-- org.codehaus.plexus:plexus-utils:jar:1.5.15:compile
 |--  |--  |--  |-- backport-util-concurrent:backport-util-concurrent:jar:3.1:compile
 |--  |--  |-- org.apache.maven:maven-plugin-registry:jar:2.2.1:compile
 |--  |--  |--  |-- org.codehaus.plexus:plexus-utils:jar:1.5.15:compile
 |--  |--  |--  |-- org.codehaus.plexus:plexus-container-default:jar:1.0-alpha-9-stable-1:compile
 |--  |--  |-- org.codehaus.plexus:plexus-interpolation:jar:1.11:compile
 |--  |--  |-- org.codehaus.plexus:plexus-utils:jar:1.5.15:compile
 |--  |--  |-- org.apache.maven:maven-artifact:jar:2.2.1:compile
 |--  |--  |--  |-- org.codehaus.plexus:plexus-utils:jar:1.5.15:compile
 |--  |--  |-- org.codehaus.plexus:plexus-container-default:jar:1.0-alpha-9-stable-1:compile
 |--  |--  |--  |-- junit:junit:jar:3.8.1:compile
 |--  |--  |--  |-- org.codehaus.plexus:plexus-utils:jar:1.5.15:compile
 |--  |--  |--  |-- classworlds:classworlds:jar:1.1-alpha-2:compile
 |--  |-- org.apache.maven.wagon:wagon-provider-api:jar:1.0-beta-6:compile
 |--  |--  |-- org.codehaus.plexus:plexus-utils:jar:1.5.15:compile
 |--  |-- org.apache.maven:maven-repository-metadata:jar:2.2.1:compile
 |--  |--  |-- org.codehaus.plexus:plexus-utils:jar:1.5.15:compile
 |--  |-- org.freemarker:freemarker:jar:2.3.16:compile
 |--  |-- org.apache.maven:maven-core:jar:2.2.1:compile
 |--  |--  |-- org.apache.maven:maven-settings:jar:2.2.1:compile
 |--  |--  |-- org.apache.maven.wagon:wagon-file:jar:1.0-beta-6:runtime
 |--  |--  |--  |-- org.apache.maven.wagon:wagon-provider-api:jar:1.0-beta-6:compile
 |--  |--  |-- org.apache.maven:maven-plugin-parameter-documenter:jar:2.2.1:compile
 |--  |--  |--  |-- org.codehaus.plexus:plexus-utils:jar:1.5.15:compile
 |--  |--  |--  |-- org.codehaus.plexus:plexus-container-default:jar:1.0-alpha-9-stable-1:compile
 |--  |--  |-- org.apache.maven.wagon:wagon-http-lightweight:jar:1.0-beta-6:compile
 |--  |--  |--  |-- org.apache.maven.wagon:wagon-http-shared:jar:1.0-beta-6:compile
 |--  |--  |--  |--  |-- nekohtml:xercesMinimal:jar:1.9.6.2:compile
 |--  |--  |--  |--  |-- nekohtml:nekohtml:jar:1.9.6.2:compile
 |--  |--  |--  |--  |-- org.apache.maven.wagon:wagon-provider-api:jar:1.0-beta-6:compile
 |--  |--  |--  |-- org.apache.maven.wagon:wagon-provider-api:jar:1.0-beta-6:compile
 |--  |--  |-- org.apache.maven.wagon:wagon-http:jar:1.0-beta-6:compile
 |--  |--  |--  |-- org.apache.maven.wagon:wagon-http-shared:jar:1.0-beta-6:compile
 |--  |--  |--  |-- org.apache.maven.wagon:wagon-provider-api:jar:1.0-beta-6:compile
 |--  |--  |-- org.apache.maven.wagon:wagon-webdav-jackrabbit:jar:1.0-beta-6:runtime
 |--  |--  |--  |-- org.apache.maven.wagon:wagon-http-shared:jar:1.0-beta-6:compile
 |--  |--  |--  |-- org.apache.jackrabbit:jackrabbit-webdav:jar:1.5.0:runtime
 |--  |--  |--  |--  |-- org.apache.jackrabbit:jackrabbit-jcr-commons:jar:1.5.0:runtime
 |--  |--  |--  |--  |-- org.slf4j:slf4j-api:jar:1.5.3:runtime
 |--  |--  |--  |--  |-- commons-httpclient:commons-httpclient:jar:3.0:runtime
 |--  |--  |--  |--  |--  |-- commons-codec:commons-codec:jar:1.2:runtime
 |--  |--  |--  |-- org.apache.maven.wagon:wagon-provider-api:jar:1.0-beta-6:compile
 |--  |--  |-- org.apache.maven.reporting:maven-reporting-api:jar:2.2.1:compile
 |--  |--  |--  |-- org.apache.maven.doxia:doxia-sink-api:jar:1.1:compile
 |--  |--  |--  |--  |-- org.apache.maven.doxia:doxia-logging-api:jar:1.1:compile
 |--  |--  |--  |--  |--  |-- org.codehaus.plexus:plexus-container-default:jar:1.0-alpha-9-stable-1:compile
 |--  |--  |--  |-- org.apache.maven.doxia:doxia-logging-api:jar:1.1:compile
 |--  |--  |--  |--  |-- org.codehaus.plexus:plexus-container-default:jar:1.0-alpha-9-stable-1:compile
 |--  |--  |-- org.apache.maven:maven-profile:jar:2.2.1:compile
 |--  |--  |-- org.apache.maven:maven-model:jar:2.2.1:compile
 |--  |--  |-- org.apache.maven:maven-artifact:jar:2.2.1:compile
 |--  |--  |-- org.apache.maven.wagon:wagon-provider-api:jar:1.0-beta-6:compile
 |--  |--  |-- org.codehaus.plexus:plexus-container-default:jar:1.0-alpha-9-stable-1:compile
 |--  |--  |-- org.apache.maven:maven-repository-metadata:jar:2.2.1:compile
 |--  |--  |-- org.apache.maven:maven-error-diagnostics:jar:2.2.1:compile
 |--  |--  |--  |-- org.codehaus.plexus:plexus-container-default:jar:1.0-alpha-9-stable-1:compile
 |--  |--  |-- org.apache.maven:maven-project:jar:2.2.1:compile
 |--  |--  |-- commons-cli:commons-cli:jar:1.2:compile
 |--  |--  |-- org.apache.maven:maven-plugin-api:jar:2.2.1:compile
 |--  |--  |-- org.apache.maven.wagon:wagon-ssh-external:jar:1.0-beta-6:runtime
 |--  |--  |--  |-- org.codehaus.plexus:plexus-utils:jar:1.5.15:compile
 |--  |--  |--  |-- org.apache.maven.wagon:wagon-ssh-common:jar:1.0-beta-6:compile
 |--  |--  |--  |--  |-- org.codehaus.plexus:plexus-utils:jar:1.5.15:compile
 |--  |--  |--  |--  |-- org.codehaus.plexus:plexus-interactivity-api:jar:1.0-alpha-6:runtime
 |--  |--  |--  |--  |--  |-- org.codehaus.plexus:plexus-utils:jar:1.5.15:compile
 |--  |--  |--  |--  |-- org.apache.maven.wagon:wagon-provider-api:jar:1.0-beta-6:compile
 |--  |--  |--  |-- org.apache.maven.wagon:wagon-provider-api:jar:1.0-beta-6:compile
 |--  |--  |-- org.apache.maven:maven-plugin-descriptor:jar:2.2.1:compile
 |--  |--  |--  |-- org.apache.maven:maven-plugin-api:jar:2.2.1:compile
 |--  |--  |--  |-- org.apache.maven:maven-artifact:jar:2.2.1:compile
 |--  |--  |--  |-- org.codehaus.plexus:plexus-container-default:jar:1.0-alpha-9-stable-1:compile
 |--  |--  |-- org.codehaus.plexus:plexus-interactivity-api:jar:1.0-alpha-4:compile
 |--  |--  |--  |-- classworlds:classworlds:jar:1.1-alpha-2:compile
 |--  |--  |-- org.apache.maven:maven-artifact-manager:jar:2.2.1:compile
 |--  |--  |-- org.apache.maven:maven-monitor:jar:2.2.1:compile
 |--  |--  |-- org.apache.maven.wagon:wagon-ssh:jar:1.0-beta-6:compile
 |--  |--  |--  |-- com.jcraft:jsch:jar:0.1.38:compile
 |--  |--  |--  |-- org.codehaus.plexus:plexus-utils:jar:1.5.15:compile
 |--  |--  |--  |-- org.apache.maven.wagon:wagon-ssh-common:jar:1.0-beta-6:compile
 |--  |--  |--  |--  |-- org.codehaus.plexus:plexus-utils:jar:1.5.15:compile
 |--  |--  |--  |--  |-- org.codehaus.plexus:plexus-interactivity-api:jar:1.0-alpha-4:compile
 |--  |--  |--  |--  |-- org.apache.maven.wagon:wagon-provider-api:jar:1.0-beta-6:compile
 |--  |--  |--  |-- org.apache.maven.wagon:wagon-provider-api:jar:1.0-beta-6:compile
 |--  |--  |-- org.codehaus.plexus:plexus-utils:jar:1.5.15:compile
 |--  |--  |-- classworlds:classworlds:jar:1.1:compile
 |--  |--  |-- org.sonatype.plexus:plexus-sec-dispatcher:jar:1.3:compile
 |--  |--  |--  |-- org.codehaus.plexus:plexus-utils:jar:1.5.15:compile
 |--  |--  |--  |-- org.sonatype.plexus:plexus-cipher:jar:1.4:compile
 |--  |-- org.slf4j:slf4j-api:jar:1.6.0:compile
 |--  |-- org.apache.maven:maven-embedder:jar:2.0.4:compile
 |--  |--  |-- org.apache.maven:maven-core:jar:2.2.1:compile
 |--  |-- org.apache.ant:ant:jar:1.8.2:compile
 |--  |--  |-- org.apache.ant:ant-launcher:jar:1.8.2:compile
 |--  |-- ant-contrib:ant-contrib:jar:1.0b3:compile
 |--  |-- org.apache.maven.surefire:surefire-booter:jar:2.8.1:compile
 |--  |--  |-- org.apache.maven.surefire:surefire-api:jar:2.8.1:compile
 |--  |-- org.apache.maven.plugins:maven-failsafe-plugin:jar:2.8.1:compile
 |--  |--  |-- org.apache.maven:maven-plugin-api:jar:2.2.1:compile
 |--  |--  |-- org.apache.maven.surefire:surefire-booter:jar:2.8.1:compile
 |--  |--  |-- org.apache.maven.surefire:maven-surefire-common:jar:2.8.1:compile
 |--  |--  |--  |-- org.apache.maven:maven-plugin-api:jar:2.2.1:compile
 |--  |--  |--  |-- org.apache.maven.surefire:surefire-booter:jar:2.8.1:compile
 |--  |--  |--  |-- org.codehaus.plexus:plexus-utils:jar:1.5.15:compile
 |--  |--  |--  |-- org.apache.maven:maven-artifact:jar:2.2.1:compile
 |--  |--  |--  |-- org.apache.maven:maven-project:jar:2.2.1:compile
 |--  |--  |--  |-- org.apache.maven:maven-core:jar:2.2.1:compile
 |--  |--  |--  |-- org.apache.maven:maven-toolchain:jar:2.0.9:compile
 |--  |--  |--  |--  |-- org.apache.maven:maven-core:jar:2.2.1:compile
 |--  |--  |--  |--  |-- org.apache.maven:maven-artifact:jar:2.2.1:compile
 |--  |--  |--  |-- org.apache.maven.shared:maven-common-artifact-filters:jar:1.3:compile
 |--  |--  |--  |--  |-- org.apache.maven:maven-artifact:jar:2.2.1:compile
 |--  |--  |--  |--  |-- org.apache.maven:maven-model:jar:2.2.1:compile
 |--  |--  |--  |--  |-- org.apache.maven:maven-project:jar:2.2.1:compile
 |--  |--  |--  |--  |-- org.apache.maven:maven-plugin-api:jar:2.2.1:compile
 |--  |--  |--  |--  |-- org.codehaus.plexus:plexus-container-default:jar:1.0-alpha-9-stable-1:compile
 |--  |--  |--  |--  |-- org.codehaus.plexus:plexus-utils:jar:1.5.15:compile
 |--  |--  |-- org.codehaus.plexus:plexus-utils:jar:1.5.15:compile
 |--  |--  |-- org.apache.maven:maven-artifact:jar:2.2.1:compile
 |--  |--  |-- org.apache.maven:maven-project:jar:2.2.1:compile
 |--  |--  |-- org.apache.maven:maven-core:jar:2.2.1:compile
 |--  |--  |-- org.apache.maven:maven-toolchain:jar:2.0.9:compile
 |--  |--  |--  |-- org.apache.maven:maven-core:jar:2.2.1:compile
 |--  |--  |--  |-- org.apache.maven:maven-artifact:jar:2.2.1:compile
 |--  |-- org.codehaus.plexus:plexus-utils:jar:2.1:compile
 |--  |-- commons-io:commons-io:jar:1.4:compile
 |--  |-- commons-codec:commons-codec:jar:1.4:compile
 |--  |-- org.nuxeo.connect:nuxeo-connect-client:jar:1.4.7:compile
 |--  |--  |-- org.freemarker:freemarker:jar:2.3.16:compile
 |-- org.apache.maven:maven-project:jar:2.2.1:compile
 |--  |-- org.apache.maven:maven-settings:jar:2.2.1:compile
 |--  |--  |-- org.apache.maven:maven-model:jar:2.2.1:compile
 |--  |--  |--  |-- org.codehaus.plexus:plexus-utils:jar:2.1:compile
 |--  |--  |-- org.codehaus.plexus:plexus-interpolation:jar:1.11:compile
 |--  |--  |-- org.codehaus.plexus:plexus-utils:jar:2.1:compile
 |--  |--  |-- org.codehaus.plexus:plexus-container-default:jar:1.0-alpha-9-stable-1:compile
 |--  |--  |--  |-- junit:junit:jar:3.8.1:compile
 |--  |--  |--  |-- org.codehaus.plexus:plexus-utils:jar:2.1:compile
 |--  |--  |--  |-- classworlds:classworlds:jar:1.1:compile
 |--  |-- org.apache.maven:maven-profile:jar:2.2.1:compile
 |--  |--  |-- org.apache.maven:maven-model:jar:2.2.1:compile
 |--  |--  |-- org.codehaus.plexus:plexus-utils:jar:2.1:compile
 |--  |--  |-- org.codehaus.plexus:plexus-interpolation:jar:1.11:compile
 |--  |--  |-- org.codehaus.plexus:plexus-container-default:jar:1.0-alpha-9-stable-1:compile
 |--  |-- org.apache.maven:maven-model:jar:2.2.1:compile
 |--  |--  |-- org.codehaus.plexus:plexus-utils:jar:2.1:compile
 |--  |-- org.apache.maven:maven-artifact-manager:jar:2.2.1:compile
 |--  |--  |-- org.apache.maven:maven-repository-metadata:jar:2.2.1:compile
 |--  |--  |-- org.codehaus.plexus:plexus-utils:jar:2.1:compile
 |--  |--  |-- org.apache.maven:maven-artifact:jar:2.2.1:compile
 |--  |--  |--  |-- org.codehaus.plexus:plexus-utils:jar:2.1:compile
 |--  |--  |-- org.codehaus.plexus:plexus-container-default:jar:1.0-alpha-9-stable-1:compile
 |--  |--  |-- org.apache.maven.wagon:wagon-provider-api:jar:1.0-beta-6:compile
 |--  |--  |-- backport-util-concurrent:backport-util-concurrent:jar:3.1:compile
 |--  |-- org.apache.maven:maven-plugin-registry:jar:2.2.1:compile
 |--  |--  |-- org.codehaus.plexus:plexus-utils:jar:2.1:compile
 |--  |--  |-- org.codehaus.plexus:plexus-container-default:jar:1.0-alpha-9-stable-1:compile
 |--  |-- org.codehaus.plexus:plexus-interpolation:jar:1.11:compile
 |--  |-- org.codehaus.plexus:plexus-utils:jar:2.1:compile
 |--  |-- org.apache.maven:maven-artifact:jar:2.2.1:compile
 |--  |--  |-- org.codehaus.plexus:plexus-utils:jar:2.1:compile
 |--  |-- org.codehaus.plexus:plexus-container-default:jar:1.0-alpha-9-stable-1:compile
 |--  |--  |-- junit:junit:jar:3.8.1:compile
 |--  |--  |-- org.codehaus.plexus:plexus-utils:jar:2.1:compile
 |--  |--  |-- classworlds:classworlds:jar:1.1:compile
