org.nuxeo.build:test2:pom:1.16-SNAPSHOT
 |-- org.apache.maven:maven-project:jar:2.2.1:compile
 |--  |-- org.apache.maven:maven-settings:jar:2.2.1:compile
 |--  |--  |-- org.apache.maven:maven-model:jar:2.2.1:compile
 |--  |--  |--  |-- org.codehaus.plexus:plexus-utils:jar:2.1:compile
 |--  |--  |-- org.codehaus.plexus:plexus-interpolation:jar:1.11:compile
 |--  |--  |-- org.codehaus.plexus:plexus-utils:jar:2.1:compile
 |--  |--  |-- org.codehaus.plexus:plexus-container-default:jar:1.0-alpha-9-stable-1:compile
 |--  |--  |--  |-- junit:junit:jar:3.8.1:compile
 |--  |--  |--  |-- org.codehaus.plexus:plexus-utils:jar:2.1:compile
 |--  |--  |--  |-- classworlds:classworlds:jar:1.1:compile
 |--  |-- org.apache.maven:maven-profile:jar:2.2.1:compile
 |--  |--  |-- org.apache.maven:maven-model:jar:2.2.1:compile
 |--  |--  |-- org.codehaus.plexus:plexus-utils:jar:2.1:compile
 |--  |--  |-- org.codehaus.plexus:plexus-interpolation:jar:1.11:compile
 |--  |--  |-- org.codehaus.plexus:plexus-container-default:jar:1.0-alpha-9-stable-1:compile
 |--  |-- org.apache.maven:maven-model:jar:2.2.1:compile
 |--  |--  |-- org.codehaus.plexus:plexus-utils:jar:2.1:compile
 |--  |-- org.apache.maven:maven-artifact-manager:jar:2.2.1:compile
 |--  |--  |-- org.apache.maven:maven-repository-metadata:jar:2.2.1:compile
 |--  |--  |-- org.codehaus.plexus:plexus-utils:jar:2.1:compile
 |--  |--  |-- org.apache.maven:maven-artifact:jar:2.2.1:compile
 |--  |--  |--  |-- org.codehaus.plexus:plexus-utils:jar:2.1:compile
 |--  |--  |-- org.codehaus.plexus:plexus-container-default:jar:1.0-alpha-9-stable-1:compile
 |--  |--  |-- org.apache.maven.wagon:wagon-provider-api:jar:1.0-beta-6:compile
 |--  |--  |-- backport-util-concurrent:backport-util-concurrent:jar:3.1:compile
 |--  |-- org.apache.maven:maven-plugin-registry:jar:2.2.1:compile
 |--  |--  |-- org.codehaus.plexus:plexus-utils:jar:2.1:compile
 |--  |--  |-- org.codehaus.plexus:plexus-container-default:jar:1.0-alpha-9-stable-1:compile
 |--  |-- org.codehaus.plexus:plexus-interpolation:jar:1.11:compile
 |--  |-- org.codehaus.plexus:plexus-utils:jar:2.1:compile
 |--  |-- org.apache.maven:maven-artifact:jar:2.2.1:compile
 |--  |--  |-- org.codehaus.plexus:plexus-utils:jar:2.1:compile
 |--  |-- org.codehaus.plexus:plexus-container-default:jar:1.0-alpha-9-stable-1:compile
 |--  |--  |-- junit:junit:jar:3.8.1:compile
 |--  |--  |-- org.codehaus.plexus:plexus-utils:jar:2.1:compile
 |--  |--  |-- classworlds:classworlds:jar:1.1:compile
 |-- junit:junit:jar:4.8.1:test
